// Jest Snapshot v1, https://goo.gl/fbAQLP

exports[`Should NotFoundPage render correctly Should NotFoundPage render correctly 1`] = `
<main
  className="page__main page__main--index page__main--index-empty"
>
  <div
    className="cities"
  >
    <div
      className="container cities__places-container cities__places-container--empty"
    >
      <section
        className="cities__no-places"
      >
        <div
          className="cities__status-wrapper tabs__content"
        >
          <b
            className="cities__status"
          >
            Page not found
          </b>
          <p>
            <a
              className="button form__submit"
              href="/"
              onClick={[Function]}
            >
              Click here to visit the main page
            </a>
          </p>
        </div>
      </section>
      <div
        className="cities__right-section"
      />
    </div>
  </div>
</main>
`;
