// Jest Snapshot v1, https://goo.gl/fbAQLP

exports[`Should App render correctly Render App 1`] = `
<div
  className="page page--gray page--main"
>
  <header
    className="header"
  >
    <div
      className="container"
    >
      <div
        className="header__wrapper"
      >
        <div
          className="header__left"
        >
          <a
            className="header__logo-link header__logo-link--active"
            href="/"
            onClick={[Function]}
          >
            <img
              alt="6 cities logo"
              className="header__logo"
              height="41"
              src="/img/logo.svg"
              width="81"
            />
          </a>
        </div>
        <nav
          className="header__nav"
        >
          <ul
            className="header__nav-list"
          >
            <li
              className="header__nav-item user"
            >
              <a
                className="header__nav-link header__nav-link--profile"
                href="/login"
                onClick={[Function]}
              >
                <div
                  className="header__avatar-wrapper user__avatar-wrapper"
                />
                <span
                  className="header__user-name user__name"
                >
                  Sign in
                </span>
              </a>
            </li>
          </ul>
        </nav>
      </div>
    </div>
  </header>
  <main
    className="page__main page__main--index page__main--index-empty"
  >
    <h1
      className="visually-hidden"
    >
      Cities
    </h1>
    <div
      className="tabs"
    >
      <section
        className="locations container"
      >
        <ul
          className="locations__list tabs__list"
        >
          <li
            className="locations__item"
          >
            <a
              className="locations__item-link tabs__item tabs__item--active"
              href="/city/1"
              onClick={[Function]}
            >
              <span>
                Paris
              </span>
            </a>
          </li>
          <li
            className="locations__item"
          >
            <a
              className="locations__item-link tabs__item "
              href="/city/2"
              onClick={[Function]}
            >
              <span>
                Cologne
              </span>
            </a>
          </li>
          <li
            className="locations__item"
          >
            <a
              className="locations__item-link tabs__item "
              href="/city/3"
              onClick={[Function]}
            >
              <span>
                Brussels
              </span>
            </a>
          </li>
          <li
            className="locations__item"
          >
            <a
              className="locations__item-link tabs__item "
              href="/city/4"
              onClick={[Function]}
            >
              <span>
                Amsterdam
              </span>
            </a>
          </li>
          <li
            className="locations__item"
          >
            <a
              className="locations__item-link tabs__item "
              href="/city/5"
              onClick={[Function]}
            >
              <span>
                Hamburg
              </span>
            </a>
          </li>
          <li
            className="locations__item"
          >
            <a
              className="locations__item-link tabs__item "
              href="/city/6"
              onClick={[Function]}
            >
              <span>
                Dusseldorf
              </span>
            </a>
          </li>
        </ul>
      </section>
    </div>
    <div
      className="cities"
    >
      <div
        className="container cities__places-container cities__places-container--empty"
      >
        <div
          style={
            Object {
              "alignItems": "center",
              "display": "flex",
              "flexDirection": "column",
              "fontSize": "38px",
              "fontStyle": "oblique",
              "fontWeight": 700,
              "justifyContent": "flex-start",
              "lineHeight": 0.7,
              "margin": "20px",
              "padding": "30px",
              "textAlign": "center",
              "width": "100%",
            }
          }
        >
          <h3
            style={
              Object {
                "alignItems": "center",
                "display": "flex",
                "justifyContent": "space-between",
              }
            }
          >
            <img
              alt="logo"
              height="50"
              src="/img/logo.svg"
              style={
                Object {
                  "marginRight": "20px",
                }
              }
              width="100"
            />
            <svg
              height="100%"
              version="1.1"
              width="100%"
              xmlns="http://www.w3.org/2000/svg"
              xmlnsXlink="http://www.w3.org/1999/xlink"
            >
              <path
                id="path"
              >
                <animate
                  attributeName="d"
                  begin="0s"
                  dur="3s"
                  from="m0,110 h0"
                  repeatCount="indefinite"
                  to="m0,110 h1100"
                />
              </path>
              <text
                fill="black"
              >
                <textPath
                  xlinkHref="#path"
                >
                  Loading...
                </textPath>
              </text>
            </svg>
          </h3>
        </div>
      </div>
    </div>
  </main>
</div>
`;
