// Jest Snapshot v1, https://goo.gl/fbAQLP

exports[`Should MainPage render correctly Should MainPage render correctly error 1`] = `
<main
  className="page__main page__main--index page__main--index-empty"
>
  <h1
    className="visually-hidden"
  >
    Cities
  </h1>
  <div
    className="tabs"
  >
    <section
      className="locations container"
    >
      <ul
        className="locations__list tabs__list"
      >
        <li
          className="locations__item"
        >
          <a
            className="locations__item-link tabs__item "
            href="/city/1"
            onClick={[Function]}
          >
            <span>
              Paris
            </span>
          </a>
        </li>
        <li
          className="locations__item"
        >
          <a
            className="locations__item-link tabs__item "
            href="/city/2"
            onClick={[Function]}
          >
            <span>
              Cologne
            </span>
          </a>
        </li>
        <li
          className="locations__item"
        >
          <a
            className="locations__item-link tabs__item "
            href="/city/3"
            onClick={[Function]}
          >
            <span>
              Brussels
            </span>
          </a>
        </li>
        <li
          className="locations__item"
        >
          <a
            className="locations__item-link tabs__item tabs__item--active"
            href="/city/4"
            onClick={[Function]}
          >
            <span>
              Amsterdam
            </span>
          </a>
        </li>
        <li
          className="locations__item"
        >
          <a
            className="locations__item-link tabs__item "
            href="/city/5"
            onClick={[Function]}
          >
            <span>
              Hamburg
            </span>
          </a>
        </li>
        <li
          className="locations__item"
        >
          <a
            className="locations__item-link tabs__item "
            href="/city/6"
            onClick={[Function]}
          >
            <span>
              Dusseldorf
            </span>
          </a>
        </li>
      </ul>
    </section>
  </div>
  <div
    className="cities"
  >
    <div
      className="container cities__places-container cities__places-container--empty"
    >
      <div
        style={
          Object {
            "alignItems": "center",
            "display": "flex",
            "flexDirection": "column",
            "fontSize": "38px",
            "fontStyle": "oblique",
            "fontWeight": 700,
            "justifyContent": "flex-start",
            "lineHeight": 0.7,
            "margin": "20px",
            "padding": "30px",
            "textAlign": "center",
            "width": "100%",
          }
        }
      >
        <h3
          style={
            Object {
              "alignItems": "center",
              "display": "flex",
              "justifyContent": "space-between",
            }
          }
        >
          <img
            alt="logo"
            height="50"
            src="/img/logo.svg"
            style={
              Object {
                "marginRight": "20px",
              }
            }
            width="100"
          />
          <svg
            height="100%"
            version="1.1"
            width="100%"
            xmlns="http://www.w3.org/2000/svg"
            xmlnsXlink="http://www.w3.org/1999/xlink"
          >
            <path
              id="path"
            >
              <animate
                attributeName="d"
                begin="0s"
                dur="3s"
                from="m0,110 h0"
                repeatCount="indefinite"
                to="m0,110 h1100"
              />
            </path>
            <text
              fill="black"
            >
              <textPath
                xlinkHref="#path"
              >
                Loading...
              </textPath>
            </text>
          </svg>
        </h3>
      </div>
    </div>
  </div>
</main>
`;

exports[`Should MainPage render correctly Should MainPage render correctly loading 1`] = `
<main
  className="page__main page__main--index page__main--index-empty"
>
  <h1
    className="visually-hidden"
  >
    Cities
  </h1>
  <div
    className="tabs"
  >
    <section
      className="locations container"
    >
      <ul
        className="locations__list tabs__list"
      >
        <li
          className="locations__item"
        >
          <a
            className="locations__item-link tabs__item "
            href="/city/1"
            onClick={[Function]}
          >
            <span>
              Paris
            </span>
          </a>
        </li>
        <li
          className="locations__item"
        >
          <a
            className="locations__item-link tabs__item "
            href="/city/2"
            onClick={[Function]}
          >
            <span>
              Cologne
            </span>
          </a>
        </li>
        <li
          className="locations__item"
        >
          <a
            className="locations__item-link tabs__item "
            href="/city/3"
            onClick={[Function]}
          >
            <span>
              Brussels
            </span>
          </a>
        </li>
        <li
          className="locations__item"
        >
          <a
            className="locations__item-link tabs__item tabs__item--active"
            href="/city/4"
            onClick={[Function]}
          >
            <span>
              Amsterdam
            </span>
          </a>
        </li>
        <li
          className="locations__item"
        >
          <a
            className="locations__item-link tabs__item "
            href="/city/5"
            onClick={[Function]}
          >
            <span>
              Hamburg
            </span>
          </a>
        </li>
        <li
          className="locations__item"
        >
          <a
            className="locations__item-link tabs__item "
            href="/city/6"
            onClick={[Function]}
          >
            <span>
              Dusseldorf
            </span>
          </a>
        </li>
      </ul>
    </section>
  </div>
  <div
    className="cities"
  >
    <div
      className="container cities__places-container cities__places-container--empty"
    >
      <div
        style={
          Object {
            "alignItems": "center",
            "display": "flex",
            "flexDirection": "column",
            "fontSize": "38px",
            "fontStyle": "oblique",
            "fontWeight": 700,
            "justifyContent": "flex-start",
            "lineHeight": 0.7,
            "margin": "20px",
            "padding": "30px",
            "textAlign": "center",
            "width": "100%",
          }
        }
      >
        <h3
          style={
            Object {
              "alignItems": "center",
              "display": "flex",
              "justifyContent": "space-between",
            }
          }
        >
          <img
            alt="logo"
            height="50"
            src="/img/logo.svg"
            style={
              Object {
                "marginRight": "20px",
              }
            }
            width="100"
          />
          <svg
            height="100%"
            version="1.1"
            width="100%"
            xmlns="http://www.w3.org/2000/svg"
            xmlnsXlink="http://www.w3.org/1999/xlink"
          >
            <path
              id="path"
            >
              <animate
                attributeName="d"
                begin="0s"
                dur="3s"
                from="m0,110 h0"
                repeatCount="indefinite"
                to="m0,110 h1100"
              />
            </path>
            <text
              fill="black"
            >
              <textPath
                xlinkHref="#path"
              >
                Loading...
              </textPath>
            </text>
          </svg>
        </h3>
      </div>
    </div>
  </div>
</main>
`;

exports[`Should MainPage render correctly Should MainPage render correctly success with offers 1`] = `
<main
  className="page__main page__main--index "
>
  <h1
    className="visually-hidden"
  >
    Cities
  </h1>
  <div
    className="tabs"
  >
    <section
      className="locations container"
    >
      <ul
        className="locations__list tabs__list"
      >
        <li
          className="locations__item"
        >
          <a
            className="locations__item-link tabs__item "
            href="/city/1"
            onClick={[Function]}
          >
            <span>
              Paris
            </span>
          </a>
        </li>
        <li
          className="locations__item"
        >
          <a
            className="locations__item-link tabs__item "
            href="/city/2"
            onClick={[Function]}
          >
            <span>
              Cologne
            </span>
          </a>
        </li>
        <li
          className="locations__item"
        >
          <a
            className="locations__item-link tabs__item "
            href="/city/3"
            onClick={[Function]}
          >
            <span>
              Brussels
            </span>
          </a>
        </li>
        <li
          className="locations__item"
        >
          <a
            className="locations__item-link tabs__item tabs__item--active"
            href="/city/4"
            onClick={[Function]}
          >
            <span>
              Amsterdam
            </span>
          </a>
        </li>
        <li
          className="locations__item"
        >
          <a
            className="locations__item-link tabs__item "
            href="/city/5"
            onClick={[Function]}
          >
            <span>
              Hamburg
            </span>
          </a>
        </li>
        <li
          className="locations__item"
        >
          <a
            className="locations__item-link tabs__item "
            href="/city/6"
            onClick={[Function]}
          >
            <span>
              Dusseldorf
            </span>
          </a>
        </li>
      </ul>
    </section>
  </div>
  <div
    className="cities"
  >
    <div
      className="container cities__places-container "
    >
      <div
        className="container cities__places-container "
      >
        <section
          className="cities__places places"
        >
          <h2
            className="visually-hidden"
          >
            Places
          </h2>
          <b
            className="places__found"
          >
            5 places to stay in Amsterdam
          </b>
          <form
            action="#"
            className="places__sorting"
            method="get"
          >
            <span
              className="places__sorting-caption"
            >
              Sort by
            </span>
            <span
              className="places__sorting-type"
              onClick={[Function]}
              tabIndex="0"
            >
              Popular
              <svg
                className="places__sorting-arrow"
                height="4"
                width="7"
              >
                <use
                  xlinkHref="#icon-arrow-select"
                />
              </svg>
            </span>
            <ul
              className="places__options places__options--custom "
            >
              <li
                className="places__option places__option--active"
                onClick={[Function]}
                tabIndex="0"
              >
                Popular
              </li>
              <li
                className="places__option "
                onClick={[Function]}
                tabIndex="0"
              >
                Price: low to high
              </li>
              <li
                className="places__option "
                onClick={[Function]}
                tabIndex="0"
              >
                Price: high to low
              </li>
              <li
                className="places__option "
                onClick={[Function]}
                tabIndex="0"
              >
                Top rated first
              </li>
            </ul>
          </form>
          <div
            className="places__list cities__places-list tabs__content"
          >
            <article
              className="place-card cities__place-card"
            >
              <div
                className="place-card__mark"
              >
                <span>
                  Premium
                </span>
              </div>
              <div
                className="place-card__image-wrapper cities__image-wrapper"
              >
                <a
                  className="place-card__image-link"
                  href="/offer/0"
                  onClick={[Function]}
                  onMouseOut={[Function]}
                  onMouseOver={[Function]}
                >
                  <img
                    alt="Image of Apartment. "
                    className="place-card__image"
                    height={200}
                    src="/img/apartment-01.jpg"
                    width={260}
                  />
                </a>
              </div>
              <div
                className="place-card__info"
              >
                <div
                  className="place-card__price-wrapper"
                >
                  <div
                    className="place-card__price"
                  >
                    <b
                      className="place-card__price-value"
                    >
                      €
                      120
                    </b>
                    <span
                      className="place-card__price-text"
                    >
                       night
                    </span>
                  </div>
                  <button
                    className="place-card__bookmark-button button "
                    onClick={[Function]}
                    type="button"
                  >
                    <svg
                      className="place-card__bookmark-icon"
                      height={19}
                      width={18}
                    >
                      <use
                        xlinkHref="#icon-bookmark"
                      />
                    </svg>
                    <span
                      className="visually-hidden"
                    >
                      To bookmarks
                    </span>
                  </button>
                </div>
                <div
                  className="place-card__rating rating"
                >
                  <div
                    className="rating__stars place-card__stars"
                  >
                    <span
                      style={
                        Object {
                          "width": "80%",
                        }
                      }
                    />
                    <span
                      className="visually-hidden"
                    >
                      Rating
                    </span>
                  </div>
                </div>
                <h2
                  className="place-card__name"
                >
                  <a
                    className="place-card__name-link"
                    href="/offer/0"
                    onClick={[Function]}
                    onMouseOut={[Function]}
                    onMouseOver={[Function]}
                  >
                    Beautiful & luxurious apartment at great location
                  </a>
                </h2>
                <p
                  className="place-card__type"
                >
                  Apartment
                </p>
              </div>
            </article>
            <article
              className="place-card cities__place-card"
            >
              <div
                className="place-card__image-wrapper cities__image-wrapper"
              >
                <a
                  className="place-card__image-link"
                  href="/offer/1"
                  onClick={[Function]}
                  onMouseOut={[Function]}
                  onMouseOver={[Function]}
                >
                  <img
                    alt="Image of Private room. "
                    className="place-card__image"
                    height={200}
                    src="/img/room.jpg"
                    width={260}
                  />
                </a>
              </div>
              <div
                className="place-card__info"
              >
                <div
                  className="place-card__price-wrapper"
                >
                  <div
                    className="place-card__price"
                  >
                    <b
                      className="place-card__price-value"
                    >
                      €
                      80
                    </b>
                    <span
                      className="place-card__price-text"
                    >
                       night
                    </span>
                  </div>
                  <button
                    className="place-card__bookmark-button button place-card__bookmark-button--active"
                    onClick={[Function]}
                    type="button"
                  >
                    <svg
                      className="place-card__bookmark-icon"
                      height={19}
                      width={18}
                    >
                      <use
                        xlinkHref="#icon-bookmark"
                      />
                    </svg>
                    <span
                      className="visually-hidden"
                    >
                      To bookmarks
                    </span>
                  </button>
                </div>
                <div
                  className="place-card__rating rating"
                >
                  <div
                    className="rating__stars place-card__stars"
                  >
                    <span
                      style={
                        Object {
                          "width": "60%",
                        }
                      }
                    />
                    <span
                      className="visually-hidden"
                    >
                      Rating
                    </span>
                  </div>
                </div>
                <h2
                  className="place-card__name"
                >
                  <a
                    className="place-card__name-link"
                    href="/offer/1"
                    onClick={[Function]}
                    onMouseOut={[Function]}
                    onMouseOver={[Function]}
                  >
                    Wood and stone place
                  </a>
                </h2>
                <p
                  className="place-card__type"
                >
                  Private room
                </p>
              </div>
            </article>
            <article
              className="place-card cities__place-card"
            >
              <div
                className="place-card__image-wrapper cities__image-wrapper"
              >
                <a
                  className="place-card__image-link"
                  href="/offer/2"
                  onClick={[Function]}
                  onMouseOut={[Function]}
                  onMouseOver={[Function]}
                >
                  <img
                    alt="Image of Apartment. "
                    className="place-card__image"
                    height={200}
                    src="/img/apartment-02.jpg"
                    width={260}
                  />
                </a>
              </div>
              <div
                className="place-card__info"
              >
                <div
                  className="place-card__price-wrapper"
                >
                  <div
                    className="place-card__price"
                  >
                    <b
                      className="place-card__price-value"
                    >
                      €
                      132
                    </b>
                    <span
                      className="place-card__price-text"
                    >
                       night
                    </span>
                  </div>
                  <button
                    className="place-card__bookmark-button button place-card__bookmark-button--active"
                    onClick={[Function]}
                    type="button"
                  >
                    <svg
                      className="place-card__bookmark-icon"
                      height={19}
                      width={18}
                    >
                      <use
                        xlinkHref="#icon-bookmark"
                      />
                    </svg>
                    <span
                      className="visually-hidden"
                    >
                      To bookmarks
                    </span>
                  </button>
                </div>
                <div
                  className="place-card__rating rating"
                >
                  <div
                    className="rating__stars place-card__stars"
                  >
                    <span
                      style={
                        Object {
                          "width": "80%",
                        }
                      }
                    />
                    <span
                      className="visually-hidden"
                    >
                      Rating
                    </span>
                  </div>
                </div>
                <h2
                  className="place-card__name"
                >
                  <a
                    className="place-card__name-link"
                    href="/offer/2"
                    onClick={[Function]}
                    onMouseOut={[Function]}
                    onMouseOver={[Function]}
                  >
                    Canal View Prinsengracht
                  </a>
                </h2>
                <p
                  className="place-card__type"
                >
                  Apartment
                </p>
              </div>
            </article>
            <article
              className="place-card cities__place-card"
            >
              <div
                className="place-card__image-wrapper cities__image-wrapper"
              >
                <a
                  className="place-card__image-link"
                  href="/offer/3"
                  onClick={[Function]}
                  onMouseOut={[Function]}
                  onMouseOver={[Function]}
                >
                  <img
                    alt="Image of Apartment. "
                    className="place-card__image"
                    height={200}
                    src="/img/apartment-03.jpg"
                    width={260}
                  />
                </a>
              </div>
              <div
                className="place-card__info"
              >
                <div
                  className="place-card__price-wrapper"
                >
                  <div
                    className="place-card__price"
                  >
                    <b
                      className="place-card__price-value"
                    >
                      €
                      180
                    </b>
                    <span
                      className="place-card__price-text"
                    >
                       night
                    </span>
                  </div>
                  <button
                    className="place-card__bookmark-button button "
                    onClick={[Function]}
                    type="button"
                  >
                    <svg
                      className="place-card__bookmark-icon"
                      height={19}
                      width={18}
                    >
                      <use
                        xlinkHref="#icon-bookmark"
                      />
                    </svg>
                    <span
                      className="visually-hidden"
                    >
                      To bookmarks
                    </span>
                  </button>
                </div>
                <div
                  className="place-card__rating rating"
                >
                  <div
                    className="rating__stars place-card__stars"
                  >
                    <span
                      style={
                        Object {
                          "width": "100%",
                        }
                      }
                    />
                    <span
                      className="visually-hidden"
                    >
                      Rating
                    </span>
                  </div>
                </div>
                <h2
                  className="place-card__name"
                >
                  <a
                    className="place-card__name-link"
                    href="/offer/3"
                    onClick={[Function]}
                    onMouseOut={[Function]}
                    onMouseOver={[Function]}
                  >
                    Nice, cozy, warm big bed apartment
                  </a>
                </h2>
                <p
                  className="place-card__type"
                >
                  Apartment
                </p>
              </div>
            </article>
            <article
              className="place-card cities__place-card"
            >
              <div
                className="place-card__image-wrapper cities__image-wrapper"
              >
                <a
                  className="place-card__image-link"
                  href="/offer/4"
                  onClick={[Function]}
                  onMouseOut={[Function]}
                  onMouseOver={[Function]}
                >
                  <img
                    alt="Image of Apartment. "
                    className="place-card__image"
                    height={200}
                    src="/img/room.jpg"
                    width={260}
                  />
                </a>
              </div>
              <div
                className="place-card__info"
              >
                <div
                  className="place-card__price-wrapper"
                >
                  <div
                    className="place-card__price"
                  >
                    <b
                      className="place-card__price-value"
                    >
                      €
                      180
                    </b>
                    <span
                      className="place-card__price-text"
                    >
                       night
                    </span>
                  </div>
                  <button
                    className="place-card__bookmark-button button "
                    onClick={[Function]}
                    type="button"
                  >
                    <svg
                      className="place-card__bookmark-icon"
                      height={19}
                      width={18}
                    >
                      <use
                        xlinkHref="#icon-bookmark"
                      />
                    </svg>
                    <span
                      className="visually-hidden"
                    >
                      To bookmarks
                    </span>
                  </button>
                </div>
                <div
                  className="place-card__rating rating"
                >
                  <div
                    className="rating__stars place-card__stars"
                  >
                    <span
                      style={
                        Object {
                          "width": "100%",
                        }
                      }
                    />
                    <span
                      className="visually-hidden"
                    >
                      Rating
                    </span>
                  </div>
                </div>
                <h2
                  className="place-card__name"
                >
                  <a
                    className="place-card__name-link"
                    href="/offer/4"
                    onClick={[Function]}
                    onMouseOut={[Function]}
                    onMouseOver={[Function]}
                  >
                    Wood and stone place
                  </a>
                </h2>
                <p
                  className="place-card__type"
                >
                  Apartment
                </p>
              </div>
            </article>
          </div>
        </section>
        <div
          className="cities__right-section"
        >
          <section
            className="cities__map  map"
          >
            <div
              id="map"
              style={
                Object {
                  "height": "100%",
                }
              }
            />
          </section>
        </div>
      </div>
    </div>
  </div>
</main>
`;
